[INFO] Scanning for projects...
[INFO] 
[INFO] ---------------------< id.my.agungdh:pajakdthrth >----------------------
[INFO] Building Pajak DTHRTH 0.0.1-SNAPSHOT
[INFO]   from pom.xml
[INFO] --------------------------------[ jar ]---------------------------------
[INFO] 
[INFO] --- clean:3.5.0:clean (default-clean) @ pajakdthrth ---
[INFO] Deleting /home/agungdh/IdeaProjects/Pajak DTHRTH/target
[INFO] 
[INFO] --- resources:3.3.1:resources (default-resources) @ pajakdthrth ---
[INFO] Copying 1 resource from src/main/resources to target/classes
[INFO] Copying 2 resources from src/main/resources to target/classes
[INFO] 
[INFO] --- compiler:3.14.1:compile (default-compile) @ pajakdthrth ---
[INFO] Recompiling the module because of changed source code.
[INFO] Compiling 47 source files with javac [debug parameters release 25] to target/classes
WARNING: A terminally deprecated method in sun.misc.Unsafe has been called
WARNING: sun.misc.Unsafe::objectFieldOffset has been called by lombok.permit.Permit
WARNING: Please consider reporting this to the maintainers of class lombok.permit.Permit
WARNING: sun.misc.Unsafe::objectFieldOffset will be removed in a future release
[WARNING] /home/agungdh/IdeaProjects/Pajak DTHRTH/src/main/java/id/my/agungdh/pajakdthrth/mapper/SkpdMapper.java:[13,10] Unmapped target properties: "id, uuid, createdAt, updatedAt, createdBy, updatedBy, deletedAt, deletedBy".
[WARNING] /home/agungdh/IdeaProjects/Pajak DTHRTH/src/main/java/id/my/agungdh/pajakdthrth/mapper/SkpdMapper.java:[15,10] Unmapped target properties: "id, uuid, createdAt, updatedAt, createdBy, updatedBy, deletedAt, deletedBy".
[WARNING] /home/agungdh/IdeaProjects/Pajak DTHRTH/src/main/java/id/my/agungdh/pajakdthrth/mapper/DthMapper.java:[15,9] Unmapped target properties: "id, uuid, createdAt, updatedAt, createdBy, updatedBy, deletedAt, deletedBy, kodePajak".
[WARNING] /home/agungdh/IdeaProjects/Pajak DTHRTH/src/main/java/id/my/agungdh/pajakdthrth/mapper/DthMapper.java:[18,10] Unmapped target properties: "id, uuid, createdAt, updatedAt, createdBy, updatedBy, deletedAt, deletedBy, kodePajak".
[WARNING] /home/agungdh/IdeaProjects/Pajak DTHRTH/src/main/java/id/my/agungdh/pajakdthrth/mapper/KodePajakMapper.java:[13,15] Unmapped target properties: "id, uuid, createdAt, updatedAt, createdBy, updatedBy, deletedAt, deletedBy".
[WARNING] /home/agungdh/IdeaProjects/Pajak DTHRTH/src/main/java/id/my/agungdh/pajakdthrth/mapper/KodePajakMapper.java:[15,10] Unmapped target properties: "id, uuid, createdAt, updatedAt, createdBy, updatedBy, deletedAt, deletedBy".
[INFO] /home/agungdh/IdeaProjects/Pajak DTHRTH/src/main/java/id/my/agungdh/pajakdthrth/repository/SoftDeleteRepositoryImpl.java: /home/agungdh/IdeaProjects/Pajak DTHRTH/src/main/java/id/my/agungdh/pajakdthrth/repository/SoftDeleteRepositoryImpl.java uses unchecked or unsafe operations.
[INFO] /home/agungdh/IdeaProjects/Pajak DTHRTH/src/main/java/id/my/agungdh/pajakdthrth/repository/SoftDeleteRepositoryImpl.java: Recompile with -Xlint:unchecked for details.
[INFO] 
[INFO] --- resources:3.3.1:testResources (default-testResources) @ pajakdthrth ---
[INFO] Copying 2 resources from src/test/resources to target/test-classes
[INFO] 
[INFO] --- compiler:3.14.1:testCompile (default-testCompile) @ pajakdthrth ---
[INFO] Recompiling the module because of changed dependency.
[INFO] Compiling 13 source files with javac [debug parameters release 25] to target/test-classes
[WARNING] /home/agungdh/IdeaProjects/Pajak DTHRTH/src/test/java/id/my/agungdh/pajakdthrth/controller/SkpdControllerTest.java:[47,56] org.springframework.http.converter.json.MappingJackson2HttpMessageConverter in org.springframework.http.converter.json has been deprecated and marked for removal
[WARNING] /home/agungdh/IdeaProjects/Pajak DTHRTH/src/test/java/id/my/agungdh/pajakdthrth/controller/SkpdControllerTest.java:[47,148] org.springframework.http.converter.json.MappingJackson2HttpMessageConverter in org.springframework.http.converter.json has been deprecated and marked for removal
[INFO] 
[INFO] --- surefire:3.5.4:test (default-test) @ pajakdthrth ---
[WARNING]  Parameter 'systemProperties' is deprecated: Use systemPropertyVariables instead.
[INFO] Using auto detected provider org.apache.maven.surefire.junitplatform.JUnitPlatformProvider
[INFO] 
[INFO] -------------------------------------------------------
[INFO]  T E S T S
[INFO] -------------------------------------------------------
[INFO] Running id.my.agungdh.pajakdthrth.integration.DthIntegrationTest
11:09:14.839 [main] INFO org.springframework.test.context.support.AnnotationConfigContextLoaderUtils -- Could not detect default configuration classes for test class [id.my.agungdh.pajakdthrth.integration.DthIntegrationTest]: DthIntegrationTest does not declare any static, non-private, non-final, nested classes annotated with @Configuration.
11:09:14.911 [main] INFO org.springframework.boot.test.context.SpringBootTestContextBootstrapper -- Found @SpringBootConfiguration id.my.agungdh.pajakdthrth.PajakDthrthApplication for test class id.my.agungdh.pajakdthrth.integration.DthIntegrationTest
11:09:15.064 [main] INFO org.springframework.boot.devtools.restart.RestartApplicationListener -- Restart disabled due to context in which it is running

  .   ____          _            __ _ _
 /\\ / ___'_ __ _ _(_)_ __  __ _ \ \ \ \
( ( )\___ | '_ | '_| | '_ \/ _` | \ \ \ \
 \\/  ___)| |_)| | | | | || (_| |  ) ) ) )
  '  |____| .__|_| |_|_| |_\__, | / / / /
 =========|_|==============|___/=/_/_/_/

 :: Spring Boot ::                (v4.0.1)

2026-01-02T11:09:15.240+07:00  INFO 58189 --- [Pajak DTHRTH Test] [           main] i.m.a.p.integration.DthIntegrationTest   : Starting DthIntegrationTest using Java 25.0.1 with PID 58189 (started by agungdh in /home/agungdh/IdeaProjects/Pajak DTHRTH)
2026-01-02T11:09:15.240+07:00  INFO 58189 --- [Pajak DTHRTH Test] [           main] i.m.a.p.integration.DthIntegrationTest   : The following 1 profile is active: "test"
2026-01-02T11:09:15.593+07:00  INFO 58189 --- [Pajak DTHRTH Test] [           main] .s.d.r.c.RepositoryConfigurationDelegate : Multiple Spring Data modules found, entering strict repository configuration mode
2026-01-02T11:09:15.595+07:00  INFO 58189 --- [Pajak DTHRTH Test] [           main] .s.d.r.c.RepositoryConfigurationDelegate : Bootstrapping Spring Data JPA repositories in DEFAULT mode.
2026-01-02T11:09:15.664+07:00  INFO 58189 --- [Pajak DTHRTH Test] [           main] .s.d.r.c.RepositoryConfigurationDelegate : Finished Spring Data repository scanning in 62 ms. Found 4 JPA repository interfaces.
2026-01-02T11:09:15.834+07:00  INFO 58189 --- [Pajak DTHRTH Test] [           main] .s.d.r.c.RepositoryConfigurationDelegate : Multiple Spring Data modules found, entering strict repository configuration mode
2026-01-02T11:09:15.835+07:00  INFO 58189 --- [Pajak DTHRTH Test] [           main] .s.d.r.c.RepositoryConfigurationDelegate : Bootstrapping Spring Data Redis repositories in DEFAULT mode.
2026-01-02T11:09:15.851+07:00  INFO 58189 --- [Pajak DTHRTH Test] [           main] .RepositoryConfigurationExtensionSupport : Spring Data Redis - Could not safely identify store assignment for repository candidate interface id.my.agungdh.pajakdthrth.repository.DthRepository; If you want this repository to be a Redis repository, consider annotating your entities with one of these annotations: org.springframework.data.redis.core.RedisHash (preferred), or consider extending one of the following types with your repository: org.springframework.data.keyvalue.repository.KeyValueRepository
2026-01-02T11:09:15.852+07:00  INFO 58189 --- [Pajak DTHRTH Test] [           main] .RepositoryConfigurationExtensionSupport : Spring Data Redis - Could not safely identify store assignment for repository candidate interface id.my.agungdh.pajakdthrth.repository.KodePajakRepository; If you want this repository to be a Redis repository, consider annotating your entities with one of these annotations: org.springframework.data.redis.core.RedisHash (preferred), or consider extending one of the following types with your repository: org.springframework.data.keyvalue.repository.KeyValueRepository
2026-01-02T11:09:15.852+07:00  INFO 58189 --- [Pajak DTHRTH Test] [           main] .RepositoryConfigurationExtensionSupport : Spring Data Redis - Could not safely identify store assignment for repository candidate interface id.my.agungdh.pajakdthrth.repository.SkpdRepository; If you want this repository to be a Redis repository, consider annotating your entities with one of these annotations: org.springframework.data.redis.core.RedisHash (preferred), or consider extending one of the following types with your repository: org.springframework.data.keyvalue.repository.KeyValueRepository
2026-01-02T11:09:15.852+07:00  INFO 58189 --- [Pajak DTHRTH Test] [           main] .RepositoryConfigurationExtensionSupport : Spring Data Redis - Could not safely identify store assignment for repository candidate interface id.my.agungdh.pajakdthrth.repository.UserRepository; If you want this repository to be a Redis repository, consider annotating your entities with one of these annotations: org.springframework.data.redis.core.RedisHash (preferred), or consider extending one of the following types with your repository: org.springframework.data.keyvalue.repository.KeyValueRepository
2026-01-02T11:09:15.852+07:00  INFO 58189 --- [Pajak DTHRTH Test] [           main] .s.d.r.c.RepositoryConfigurationDelegate : Finished Spring Data repository scanning in 11 ms. Found 0 Redis repository interfaces.
2026-01-02T11:09:16.135+07:00  WARN 58189 --- [Pajak DTHRTH Test] [           main] trationDelegate$BeanPostProcessorChecker : Bean 'id.my.agungdh.pajakdthrth.config.TestFlywayConfig' of type [id.my.agungdh.pajakdthrth.config.TestFlywayConfig$$SpringCGLIB$$0] is not eligible for getting processed by all BeanPostProcessors (for example: not eligible for auto-proxying). The currently created BeanPostProcessor [flywayDataSourceMigrator] is declared through a non-static factory method on that class; consider declaring it as static instead.
2026-01-02T11:09:16.291+07:00  INFO 58189 --- [Pajak DTHRTH Test] [           main] com.zaxxer.hikari.HikariDataSource       : HikariPool-1 - Starting...
2026-01-02T11:09:16.385+07:00  INFO 58189 --- [Pajak DTHRTH Test] [           main] com.zaxxer.hikari.pool.HikariPool        : HikariPool-1 - Added connection org.postgresql.jdbc.PgConnection@c85486
2026-01-02T11:09:16.385+07:00  INFO 58189 --- [Pajak DTHRTH Test] [           main] com.zaxxer.hikari.HikariDataSource       : HikariPool-1 - Start completed.
2026-01-02T11:09:16.401+07:00  INFO 58189 --- [Pajak DTHRTH Test] [           main] org.flywaydb.core.FlywayExecutor         : Database: jdbc:postgresql://localhost:5432/pajak_dthrth (PostgreSQL 18.1)
2026-01-02T11:09:16.427+07:00  INFO 58189 --- [Pajak DTHRTH Test] [           main] o.f.core.internal.command.DbValidate     : Successfully validated 2 migrations (execution time 00:00.013s)
2026-01-02T11:09:16.448+07:00  INFO 58189 --- [Pajak DTHRTH Test] [           main] o.f.core.internal.command.DbMigrate      : Current version of schema "public": 2
2026-01-02T11:09:16.450+07:00  INFO 58189 --- [Pajak DTHRTH Test] [           main] o.f.core.internal.command.DbMigrate      : Schema "public" is up to date. No migration necessary.
2026-01-02T11:09:16.515+07:00  INFO 58189 --- [Pajak DTHRTH Test] [           main] org.hibernate.orm.jpa                    : HHH008540: Processing PersistenceUnitInfo [name: default]
2026-01-02T11:09:16.540+07:00  INFO 58189 --- [Pajak DTHRTH Test] [           main] org.hibernate.orm.core                   : HHH000001: Hibernate ORM core version 7.2.0.Final
2026-01-02T11:09:16.761+07:00  INFO 58189 --- [Pajak DTHRTH Test] [           main] o.s.o.j.p.SpringPersistenceUnitInfo      : No LoadTimeWeaver setup: ignoring JPA class transformer
2026-01-02T11:09:16.787+07:00  WARN 58189 --- [Pajak DTHRTH Test] [           main] org.hibernate.orm.deprecation            : HHH90000025: PostgreSQLDialect does not need to be specified explicitly using 'hibernate.dialect' (remove the property setting and it will be selected by default)
2026-01-02T11:09:16.795+07:00  INFO 58189 --- [Pajak DTHRTH Test] [           main] org.hibernate.orm.connections.pooling    : HHH10001005: Database info:
	Database JDBC URL [jdbc:postgresql://localhost:5432/pajak_dthrth]
	Database driver: PostgreSQL JDBC Driver
	Database dialect: PostgreSQLDialect
	Database version: 18.1
	Default catalog/schema: pajak_dthrth/public
	Autocommit mode: undefined/unknown
	Isolation level: READ_COMMITTED [default READ_COMMITTED]
	JDBC fetch size: none
	Pool: DataSourceConnectionProvider
	Minimum pool size: undefined/unknown
	Maximum pool size: undefined/unknown
2026-01-02T11:09:17.274+07:00  INFO 58189 --- [Pajak DTHRTH Test] [           main] org.hibernate.orm.core                   : HHH000489: No JTA platform available (set 'hibernate.transaction.jta.platform' to enable JTA platform integration)
2026-01-02T11:09:17.296+07:00  INFO 58189 --- [Pajak DTHRTH Test] [           main] j.LocalContainerEntityManagerFactoryBean : Initialized JPA EntityManagerFactory for persistence unit 'default'
2026-01-02T11:09:17.491+07:00  INFO 58189 --- [Pajak DTHRTH Test] [           main] o.s.d.j.r.query.QueryEnhancerFactories   : Hibernate is in classpath; If applicable, HQL parser will be used.
2026-01-02T11:09:17.743+07:00  WARN 58189 --- [Pajak DTHRTH Test] [           main] JpaBaseConfiguration$JpaWebConfiguration : spring.jpa.open-in-view is enabled by default. Therefore, database queries may be performed during view rendering. Explicitly configure spring.jpa.open-in-view to disable this warning
2026-01-02T11:09:17.800+07:00  WARN 58189 --- [Pajak DTHRTH Test] [           main] .s.a.UserDetailsServiceAutoConfiguration : 

Using generated security password: 76a13060-936d-4a31-8bcf-58e42a2fa0e0

This generated password is for development use only. Your security configuration must be updated before running your application in production.

2026-01-02T11:09:17.804+07:00  INFO 58189 --- [Pajak DTHRTH Test] [           main] r$InitializeUserDetailsManagerConfigurer : Global AuthenticationManager configured with UserDetailsService bean with name inMemoryUserDetailsManager
2026-01-02T11:09:18.201+07:00  INFO 58189 --- [Pajak DTHRTH Test] [           main] i.m.a.p.integration.DthIntegrationTest   : Started DthIntegrationTest in 3.143 seconds (process running for 3.822)
2026-01-02T11:09:18.204+07:00  WARN 58189 --- [Pajak DTHRTH Test] [           main] o.s.core.events.SpringDocAppInitializer  : SpringDoc /v3/api-docs endpoint is enabled by default. To disable it in production, set the property 'springdoc.api-docs.enabled=false'
2026-01-02T11:09:18.204+07:00  WARN 58189 --- [Pajak DTHRTH Test] [           main] o.s.core.events.SpringDocAppInitializer  : SpringDoc /swagger-ui.html endpoint is enabled by default. To disable it in production, set the property 'springdoc.swagger-ui.enabled=false'
Mockito is currently self-attaching to enable the inline-mock-maker. This will no longer work in future releases of the JDK. Please add Mockito as an agent to your build as described in Mockito's documentation: https://javadoc.io/doc/org.mockito/mockito-core/latest/org.mockito/org/mockito/Mockito.html#0.3
OpenJDK 64-Bit Server VM warning: Sharing is only supported for boot loader classes because bootstrap classpath has been appended
WARNING: A Java agent has been loaded dynamically (/home/agungdh/.m2/repository/net/bytebuddy/byte-buddy-agent/1.17.8/byte-buddy-agent-1.17.8.jar)
WARNING: If a serviceability tool is in use, please run with -XX:+EnableDynamicAgentLoading to hide this warning
WARNING: If a serviceability tool is not in use, please run with -Djdk.instrument.traceUsage for more information
WARNING: Dynamic loading of agents will be disallowed by default in a future release
2026-01-02T11:09:18.501+07:00  INFO 58189 --- [Pajak DTHRTH Test] [           main] o.s.b.t.m.w.SpringBootMockServletContext : Initializing Spring TestDispatcherServlet ''
2026-01-02T11:09:18.501+07:00  INFO 58189 --- [Pajak DTHRTH Test] [           main] o.s.t.web.servlet.TestDispatcherServlet  : Initializing Servlet ''
2026-01-02T11:09:18.502+07:00  INFO 58189 --- [Pajak DTHRTH Test] [           main] o.s.t.web.servlet.TestDispatcherServlet  : Completed initialization in 1 ms
Hibernate: 
    select
        d1_0.id,
        d1_0.created_at,
        d1_0.created_by,
        d1_0.deleted_at,
        d1_0.deleted_by,
        d1_0.jumlah_pajak,
        d1_0.keterangan,
        d1_0.kode_billing,
        d1_0.kode_pajak_id,
        d1_0.nama_rekanan,
        d1_0.nilai_belanja_sp2d,
        d1_0.nilai_belanja_spm,
        d1_0.no_sp2d,
        d1_0.no_spm,
        d1_0.npwp,
        d1_0.ntpn,
        d1_0.skpd_id,
        d1_0.tgl_sp2d,
        d1_0.tgl_spm,
        d1_0.updated_at,
        d1_0.updated_by,
        d1_0.uuid 
    from
        dth d1_0 
    where
        (
            d1_0.deleted_at IS NULL
        )
Hibernate: 
    update
        dth 
    set
        deleted_at=?,
        deleted_by=?,
        jumlah_pajak=?,
        keterangan=?,
        kode_billing=?,
        kode_pajak_id=?,
        nama_rekanan=?,
        nilai_belanja_sp2d=?,
        nilai_belanja_spm=?,
        no_sp2d=?,
        no_spm=?,
        npwp=?,
        ntpn=?,
        skpd_id=?,
        tgl_sp2d=?,
        tgl_spm=?,
        updated_at=?,
        updated_by=? 
    where
        id=?
Hibernate: 
    select
        u1_0.id,
        u1_0.created_at,
        u1_0.created_by,
        u1_0.deleted_at,
        u1_0.deleted_by,
        u1_0.nama,
        u1_0.password,
        u1_0.role,
        u1_0.skpd_id,
        u1_0.updated_at,
        u1_0.updated_by,
        u1_0.username,
        u1_0.uuid 
    from
        users u1_0 
    where
        (
            u1_0.deleted_at IS NULL
        )
Hibernate: 
    update
        users 
    set
        deleted_at=?,
        deleted_by=?,
        nama=?,
        password=?,
        role=?,
        skpd_id=?,
        updated_at=?,
        updated_by=?,
        username=? 
    where
        id=?
Hibernate: 
    update
        users 
    set
        deleted_at=?,
        deleted_by=?,
        nama=?,
        password=?,
        role=?,
        skpd_id=?,
        updated_at=?,
        updated_by=?,
        username=? 
    where
        id=?
Hibernate: 
    select
        s1_0.id,
        s1_0.created_at,
        s1_0.created_by,
        s1_0.deleted_at,
        s1_0.deleted_by,
        s1_0.nama,
        s1_0.updated_at,
        s1_0.updated_by,
        s1_0.uuid 
    from
        skpd s1_0 
    where
        (
            s1_0.deleted_at IS NULL
        )
Hibernate: 
    update
        skpd 
    set
        deleted_at=?,
        deleted_by=?,
        nama=?,
        updated_at=?,
        updated_by=? 
    where
        id=?
Hibernate: 
    select
        kp1_0.id,
        kp1_0.created_at,
        kp1_0.created_by,
        kp1_0.deleted_at,
        kp1_0.deleted_by,
        kp1_0.nama,
        kp1_0.updated_at,
        kp1_0.updated_by,
        kp1_0.uuid 
    from
        kode_pajak kp1_0 
    where
        (
            kp1_0.deleted_at IS NULL
        )
Hibernate: 
    update
        kode_pajak 
    set
        deleted_at=?,
        deleted_by=?,
        nama=?,
        updated_at=?,
        updated_by=? 
    where
        id=?
Hibernate: 
    insert 
    into
        skpd
        (created_at, created_by, deleted_at, deleted_by, nama, updated_at, updated_by, uuid) 
    values
        (?, ?, ?, ?, ?, ?, ?, ?)
Hibernate: 
    insert 
    into
        kode_pajak
        (created_at, created_by, deleted_at, deleted_by, nama, updated_at, updated_by, uuid) 
    values
        (?, ?, ?, ?, ?, ?, ?, ?)
Hibernate: 
    insert 
    into
        users
        (created_at, created_by, deleted_at, deleted_by, nama, password, role, skpd_id, updated_at, updated_by, username, uuid) 
    values
        (?, ?, ?, ?, ?, ?, ?, ?, ?, ?, ?, ?)
Hibernate: 
    insert 
    into
        users
        (created_at, created_by, deleted_at, deleted_by, nama, password, role, skpd_id, updated_at, updated_by, username, uuid) 
    values
        (?, ?, ?, ?, ?, ?, ?, ?, ?, ?, ?, ?)
Hibernate: 
    select
        u1_0.id,
        u1_0.created_at,
        u1_0.created_by,
        u1_0.deleted_at,
        u1_0.deleted_by,
        u1_0.nama,
        u1_0.password,
        u1_0.role,
        s1_0.id,
        s1_0.created_at,
        s1_0.created_by,
        s1_0.deleted_at,
        s1_0.deleted_by,
        s1_0.nama,
        s1_0.updated_at,
        s1_0.updated_by,
        s1_0.uuid,
        u1_0.updated_at,
        u1_0.updated_by,
        u1_0.username,
        u1_0.uuid 
    from
        users u1_0 
    left join
        skpd s1_0 
            on s1_0.id=u1_0.skpd_id 
            and (s1_0.deleted_at IS NULL) 
    where
        u1_0.id=? 
        and (
            u1_0.deleted_at IS NULL
        )
DEBUG: CRITICAL FAILURE - Reloaded User SKPD is NULL
Hibernate: 
    insert 
    into
        dth
        (created_at, created_by, deleted_at, deleted_by, jumlah_pajak, keterangan, kode_billing, kode_pajak_id, nama_rekanan, nilai_belanja_sp2d, nilai_belanja_spm, no_sp2d, no_spm, npwp, ntpn, skpd_id, tgl_sp2d, tgl_spm, updated_at, updated_by, uuid) 
    values
        (?, ?, ?, ?, ?, ?, ?, ?, ?, ?, ?, ?, ?, ?, ?, ?, ?, ?, ?, ?, ?)
Hibernate: 
    select
        u1_0.id,
        u1_0.created_at,
        u1_0.created_by,
        u1_0.deleted_at,
        u1_0.deleted_by,
        u1_0.nama,
        u1_0.password,
        u1_0.role,
        s1_0.id,
        s1_0.created_at,
        s1_0.created_by,
        s1_0.deleted_at,
        s1_0.deleted_by,
        s1_0.nama,
        s1_0.updated_at,
        s1_0.updated_by,
        s1_0.uuid,
        u1_0.updated_at,
        u1_0.updated_by,
        u1_0.username,
        u1_0.uuid 
    from
        users u1_0 
    left join
        skpd s1_0 
            on s1_0.id=u1_0.skpd_id 
            and (s1_0.deleted_at IS NULL) 
    where
        u1_0.id=? 
        and (
            u1_0.deleted_at IS NULL
        )
Hibernate: 
    select
        d1_0.id,
        d1_0.created_at,
        d1_0.created_by,
        d1_0.deleted_at,
        d1_0.deleted_by,
        d1_0.jumlah_pajak,
        d1_0.keterangan,
        d1_0.kode_billing,
        d1_0.kode_pajak_id,
        d1_0.nama_rekanan,
        d1_0.nilai_belanja_sp2d,
        d1_0.nilai_belanja_spm,
        d1_0.no_sp2d,
        d1_0.no_spm,
        d1_0.npwp,
        d1_0.ntpn,
        d1_0.skpd_id,
        d1_0.tgl_sp2d,
        d1_0.tgl_spm,
        d1_0.updated_at,
        d1_0.updated_by,
        d1_0.uuid 
    from
        dth d1_0 
    where
        (
            d1_0.deleted_at IS NULL
        ) 
        and d1_0.uuid=?
Hibernate: 
    update
        dth 
    set
        deleted_at=?,
        deleted_by=?,
        jumlah_pajak=?,
        keterangan=?,
        kode_billing=?,
        kode_pajak_id=?,
        nama_rekanan=?,
        nilai_belanja_sp2d=?,
        nilai_belanja_spm=?,
        no_sp2d=?,
        no_spm=?,
        npwp=?,
        ntpn=?,
        skpd_id=?,
        tgl_sp2d=?,
        tgl_spm=?,
        updated_at=?,
        updated_by=? 
    where
        id=?
Hibernate: 
    select
        u1_0.id,
        u1_0.created_at,
        u1_0.created_by,
        u1_0.deleted_at,
        u1_0.deleted_by,
        u1_0.nama,
        u1_0.password,
        u1_0.role,
        s1_0.id,
        s1_0.created_at,
        s1_0.created_by,
        s1_0.deleted_at,
        s1_0.deleted_by,
        s1_0.nama,
        s1_0.updated_at,
        s1_0.updated_by,
        s1_0.uuid,
        u1_0.updated_at,
        u1_0.updated_by,
        u1_0.username,
        u1_0.uuid 
    from
        users u1_0 
    left join
        skpd s1_0 
            on s1_0.id=u1_0.skpd_id 
            and (s1_0.deleted_at IS NULL) 
    where
        u1_0.id=? 
        and (
            u1_0.deleted_at IS NULL
        )
Hibernate: 
    select
        d1_0.id,
        d1_0.created_at,
        d1_0.created_by,
        d1_0.deleted_at,
        d1_0.deleted_by,
        d1_0.jumlah_pajak,
        d1_0.keterangan,
        d1_0.kode_billing,
        d1_0.kode_pajak_id,
        d1_0.nama_rekanan,
        d1_0.nilai_belanja_sp2d,
        d1_0.nilai_belanja_spm,
        d1_0.no_sp2d,
        d1_0.no_spm,
        d1_0.npwp,
        d1_0.ntpn,
        d1_0.skpd_id,
        d1_0.tgl_sp2d,
        d1_0.tgl_spm,
        d1_0.updated_at,
        d1_0.updated_by,
        d1_0.uuid 
    from
        dth d1_0 
    where
        (
            d1_0.deleted_at IS NULL
        ) 
        and d1_0.uuid=?
2026-01-02T11:09:19.207+07:00  INFO 58189 --- [Pajak DTHRTH Test] [           main] o.s.b.t.m.w.SpringBootMockServletContext : Initializing Spring TestDispatcherServlet ''
2026-01-02T11:09:19.207+07:00  INFO 58189 --- [Pajak DTHRTH Test] [           main] o.s.t.web.servlet.TestDispatcherServlet  : Initializing Servlet ''
2026-01-02T11:09:19.208+07:00  INFO 58189 --- [Pajak DTHRTH Test] [           main] o.s.t.web.servlet.TestDispatcherServlet  : Completed initialization in 1 ms
Hibernate: 
    select
        d1_0.id,
        d1_0.created_at,
        d1_0.created_by,
        d1_0.deleted_at,
        d1_0.deleted_by,
        d1_0.jumlah_pajak,
        d1_0.keterangan,
        d1_0.kode_billing,
        d1_0.kode_pajak_id,
        d1_0.nama_rekanan,
        d1_0.nilai_belanja_sp2d,
        d1_0.nilai_belanja_spm,
        d1_0.no_sp2d,
        d1_0.no_spm,
        d1_0.npwp,
        d1_0.ntpn,
        d1_0.skpd_id,
        d1_0.tgl_sp2d,
        d1_0.tgl_spm,
        d1_0.updated_at,
        d1_0.updated_by,
        d1_0.uuid 
    from
        dth d1_0 
    where
        (
            d1_0.deleted_at IS NULL
        )
Hibernate: 
    select
        u1_0.id,
        u1_0.created_at,
        u1_0.created_by,
        u1_0.deleted_at,
        u1_0.deleted_by,
        u1_0.nama,
        u1_0.password,
        u1_0.role,
        u1_0.skpd_id,
        u1_0.updated_at,
        u1_0.updated_by,
        u1_0.username,
        u1_0.uuid 
    from
        users u1_0 
    where
        (
            u1_0.deleted_at IS NULL
        )
Hibernate: 
    update
        users 
    set
        deleted_at=?,
        deleted_by=?,
        nama=?,
        password=?,
        role=?,
        skpd_id=?,
        updated_at=?,
        updated_by=?,
        username=? 
    where
        id=?
Hibernate: 
    update
        users 
    set
        deleted_at=?,
        deleted_by=?,
        nama=?,
        password=?,
        role=?,
        skpd_id=?,
        updated_at=?,
        updated_by=?,
        username=? 
    where
        id=?
Hibernate: 
    select
        s1_0.id,
        s1_0.created_at,
        s1_0.created_by,
        s1_0.deleted_at,
        s1_0.deleted_by,
        s1_0.nama,
        s1_0.updated_at,
        s1_0.updated_by,
        s1_0.uuid 
    from
        skpd s1_0 
    where
        (
            s1_0.deleted_at IS NULL
        )
Hibernate: 
    update
        skpd 
    set
        deleted_at=?,
        deleted_by=?,
        nama=?,
        updated_at=?,
        updated_by=? 
    where
        id=?
Hibernate: 
    select
        kp1_0.id,
        kp1_0.created_at,
        kp1_0.created_by,
        kp1_0.deleted_at,
        kp1_0.deleted_by,
        kp1_0.nama,
        kp1_0.updated_at,
        kp1_0.updated_by,
        kp1_0.uuid 
    from
        kode_pajak kp1_0 
    where
        (
            kp1_0.deleted_at IS NULL
        )
Hibernate: 
    update
        kode_pajak 
    set
        deleted_at=?,
        deleted_by=?,
        nama=?,
        updated_at=?,
        updated_by=? 
    where
        id=?
Hibernate: 
    insert 
    into
        skpd
        (created_at, created_by, deleted_at, deleted_by, nama, updated_at, updated_by, uuid) 
    values
        (?, ?, ?, ?, ?, ?, ?, ?)
Hibernate: 
    insert 
    into
        kode_pajak
        (created_at, created_by, deleted_at, deleted_by, nama, updated_at, updated_by, uuid) 
    values
        (?, ?, ?, ?, ?, ?, ?, ?)
Hibernate: 
    insert 
    into
        users
        (created_at, created_by, deleted_at, deleted_by, nama, password, role, skpd_id, updated_at, updated_by, username, uuid) 
    values
        (?, ?, ?, ?, ?, ?, ?, ?, ?, ?, ?, ?)
Hibernate: 
    insert 
    into
        users
        (created_at, created_by, deleted_at, deleted_by, nama, password, role, skpd_id, updated_at, updated_by, username, uuid) 
    values
        (?, ?, ?, ?, ?, ?, ?, ?, ?, ?, ?, ?)
Hibernate: 
    select
        u1_0.id,
        u1_0.created_at,
        u1_0.created_by,
        u1_0.deleted_at,
        u1_0.deleted_by,
        u1_0.nama,
        u1_0.password,
        u1_0.role,
        s1_0.id,
        s1_0.created_at,
        s1_0.created_by,
        s1_0.deleted_at,
        s1_0.deleted_by,
        s1_0.nama,
        s1_0.updated_at,
        s1_0.updated_by,
        s1_0.uuid,
        u1_0.updated_at,
        u1_0.updated_by,
        u1_0.username,
        u1_0.uuid 
    from
        users u1_0 
    left join
        skpd s1_0 
            on s1_0.id=u1_0.skpd_id 
            and (s1_0.deleted_at IS NULL) 
    where
        u1_0.id=? 
        and (
            u1_0.deleted_at IS NULL
        )
DEBUG: CRITICAL FAILURE - Reloaded User SKPD is NULL
Hibernate: 
    insert 
    into
        dth
        (created_at, created_by, deleted_at, deleted_by, jumlah_pajak, keterangan, kode_billing, kode_pajak_id, nama_rekanan, nilai_belanja_sp2d, nilai_belanja_spm, no_sp2d, no_spm, npwp, ntpn, skpd_id, tgl_sp2d, tgl_spm, updated_at, updated_by, uuid) 
    values
        (?, ?, ?, ?, ?, ?, ?, ?, ?, ?, ?, ?, ?, ?, ?, ?, ?, ?, ?, ?, ?)
Hibernate: 
    select
        u1_0.id,
        u1_0.created_at,
        u1_0.created_by,
        u1_0.deleted_at,
        u1_0.deleted_by,
        u1_0.nama,
        u1_0.password,
        u1_0.role,
        s1_0.id,
        s1_0.created_at,
        s1_0.created_by,
        s1_0.deleted_at,
        s1_0.deleted_by,
        s1_0.nama,
        s1_0.updated_at,
        s1_0.updated_by,
        s1_0.uuid,
        u1_0.updated_at,
        u1_0.updated_by,
        u1_0.username,
        u1_0.uuid 
    from
        users u1_0 
    left join
        skpd s1_0 
            on s1_0.id=u1_0.skpd_id 
            and (s1_0.deleted_at IS NULL) 
    where
        u1_0.id=? 
        and (
            u1_0.deleted_at IS NULL
        )
Hibernate: 
    select
        d1_0.id,
        d1_0.created_at,
        d1_0.created_by,
        d1_0.deleted_at,
        d1_0.deleted_by,
        d1_0.jumlah_pajak,
        d1_0.keterangan,
        d1_0.kode_billing,
        d1_0.kode_pajak_id,
        d1_0.nama_rekanan,
        d1_0.nilai_belanja_sp2d,
        d1_0.nilai_belanja_spm,
        d1_0.no_sp2d,
        d1_0.no_spm,
        d1_0.npwp,
        d1_0.ntpn,
        d1_0.skpd_id,
        d1_0.tgl_sp2d,
        d1_0.tgl_spm,
        d1_0.updated_at,
        d1_0.updated_by,
        d1_0.uuid 
    from
        dth d1_0 
    where
        (
            d1_0.deleted_at IS NULL
        ) 
        and d1_0.uuid=?
Hibernate: 
    select
        s1_0.id,
        s1_0.created_at,
        s1_0.created_by,
        s1_0.deleted_at,
        s1_0.deleted_by,
        s1_0.nama,
        s1_0.updated_at,
        s1_0.updated_by,
        s1_0.uuid 
    from
        skpd s1_0 
    where
        (
            s1_0.deleted_at IS NULL
        ) 
        and s1_0.uuid=?
Hibernate: 
    select
        kp1_0.id,
        kp1_0.created_at,
        kp1_0.created_by,
        kp1_0.deleted_at,
        kp1_0.deleted_by,
        kp1_0.nama,
        kp1_0.updated_at,
        kp1_0.updated_by,
        kp1_0.uuid 
    from
        kode_pajak kp1_0 
    where
        (
            kp1_0.deleted_at IS NULL
        ) 
        and kp1_0.uuid=?
Hibernate: 
    update
        dth 
    set
        deleted_at=?,
        deleted_by=?,
        jumlah_pajak=?,
        keterangan=?,
        kode_billing=?,
        kode_pajak_id=?,
        nama_rekanan=?,
        nilai_belanja_sp2d=?,
        nilai_belanja_spm=?,
        no_sp2d=?,
        no_spm=?,
        npwp=?,
        ntpn=?,
        skpd_id=?,
        tgl_sp2d=?,
        tgl_spm=?,
        updated_at=?,
        updated_by=? 
    where
        id=?
2026-01-02T11:09:19.471+07:00  INFO 58189 --- [Pajak DTHRTH Test] [           main] o.s.b.t.m.w.SpringBootMockServletContext : Initializing Spring TestDispatcherServlet ''
2026-01-02T11:09:19.471+07:00  INFO 58189 --- [Pajak DTHRTH Test] [           main] o.s.t.web.servlet.TestDispatcherServlet  : Initializing Servlet ''
2026-01-02T11:09:19.472+07:00  INFO 58189 --- [Pajak DTHRTH Test] [           main] o.s.t.web.servlet.TestDispatcherServlet  : Completed initialization in 1 ms
Hibernate: 
    select
        d1_0.id,
        d1_0.created_at,
        d1_0.created_by,
        d1_0.deleted_at,
        d1_0.deleted_by,
        d1_0.jumlah_pajak,
        d1_0.keterangan,
        d1_0.kode_billing,
        d1_0.kode_pajak_id,
        d1_0.nama_rekanan,
        d1_0.nilai_belanja_sp2d,
        d1_0.nilai_belanja_spm,
        d1_0.no_sp2d,
        d1_0.no_spm,
        d1_0.npwp,
        d1_0.ntpn,
        d1_0.skpd_id,
        d1_0.tgl_sp2d,
        d1_0.tgl_spm,
        d1_0.updated_at,
        d1_0.updated_by,
        d1_0.uuid 
    from
        dth d1_0 
    where
        (
            d1_0.deleted_at IS NULL
        )
Hibernate: 
    update
        dth 
    set
        deleted_at=?,
        deleted_by=?,
        jumlah_pajak=?,
        keterangan=?,
        kode_billing=?,
        kode_pajak_id=?,
        nama_rekanan=?,
        nilai_belanja_sp2d=?,
        nilai_belanja_spm=?,
        no_sp2d=?,
        no_spm=?,
        npwp=?,
        ntpn=?,
        skpd_id=?,
        tgl_sp2d=?,
        tgl_spm=?,
        updated_at=?,
        updated_by=? 
    where
        id=?
Hibernate: 
    select
        u1_0.id,
        u1_0.created_at,
        u1_0.created_by,
        u1_0.deleted_at,
        u1_0.deleted_by,
        u1_0.nama,
        u1_0.password,
        u1_0.role,
        u1_0.skpd_id,
        u1_0.updated_at,
        u1_0.updated_by,
        u1_0.username,
        u1_0.uuid 
    from
        users u1_0 
    where
        (
            u1_0.deleted_at IS NULL
        )
Hibernate: 
    update
        users 
    set
        deleted_at=?,
        deleted_by=?,
        nama=?,
        password=?,
        role=?,
        skpd_id=?,
        updated_at=?,
        updated_by=?,
        username=? 
    where
        id=?
Hibernate: 
    update
        users 
    set
        deleted_at=?,
        deleted_by=?,
        nama=?,
        password=?,
        role=?,
        skpd_id=?,
        updated_at=?,
        updated_by=?,
        username=? 
    where
        id=?
Hibernate: 
    select
        s1_0.id,
        s1_0.created_at,
        s1_0.created_by,
        s1_0.deleted_at,
        s1_0.deleted_by,
        s1_0.nama,
        s1_0.updated_at,
        s1_0.updated_by,
        s1_0.uuid 
    from
        skpd s1_0 
    where
        (
            s1_0.deleted_at IS NULL
        )
Hibernate: 
    update
        skpd 
    set
        deleted_at=?,
        deleted_by=?,
        nama=?,
        updated_at=?,
        updated_by=? 
    where
        id=?
Hibernate: 
    select
        kp1_0.id,
        kp1_0.created_at,
        kp1_0.created_by,
        kp1_0.deleted_at,
        kp1_0.deleted_by,
        kp1_0.nama,
        kp1_0.updated_at,
        kp1_0.updated_by,
        kp1_0.uuid 
    from
        kode_pajak kp1_0 
    where
        (
            kp1_0.deleted_at IS NULL
        )
Hibernate: 
    update
        kode_pajak 
    set
        deleted_at=?,
        deleted_by=?,
        nama=?,
        updated_at=?,
        updated_by=? 
    where
        id=?
Hibernate: 
    insert 
    into
        skpd
        (created_at, created_by, deleted_at, deleted_by, nama, updated_at, updated_by, uuid) 
    values
        (?, ?, ?, ?, ?, ?, ?, ?)
Hibernate: 
    insert 
    into
        kode_pajak
        (created_at, created_by, deleted_at, deleted_by, nama, updated_at, updated_by, uuid) 
    values
        (?, ?, ?, ?, ?, ?, ?, ?)
Hibernate: 
    insert 
    into
        users
        (created_at, created_by, deleted_at, deleted_by, nama, password, role, skpd_id, updated_at, updated_by, username, uuid) 
    values
        (?, ?, ?, ?, ?, ?, ?, ?, ?, ?, ?, ?)
Hibernate: 
    insert 
    into
        users
        (created_at, created_by, deleted_at, deleted_by, nama, password, role, skpd_id, updated_at, updated_by, username, uuid) 
    values
        (?, ?, ?, ?, ?, ?, ?, ?, ?, ?, ?, ?)
Hibernate: 
    select
        u1_0.id,
        u1_0.created_at,
        u1_0.created_by,
        u1_0.deleted_at,
        u1_0.deleted_by,
        u1_0.nama,
        u1_0.password,
        u1_0.role,
        s1_0.id,
        s1_0.created_at,
        s1_0.created_by,
        s1_0.deleted_at,
        s1_0.deleted_by,
        s1_0.nama,
        s1_0.updated_at,
        s1_0.updated_by,
        s1_0.uuid,
        u1_0.updated_at,
        u1_0.updated_by,
        u1_0.username,
        u1_0.uuid 
    from
        users u1_0 
    left join
        skpd s1_0 
            on s1_0.id=u1_0.skpd_id 
            and (s1_0.deleted_at IS NULL) 
    where
        u1_0.id=? 
        and (
            u1_0.deleted_at IS NULL
        )
DEBUG: CRITICAL FAILURE - Reloaded User SKPD is NULL
Hibernate: 
    insert 
    into
        dth
        (created_at, created_by, deleted_at, deleted_by, jumlah_pajak, keterangan, kode_billing, kode_pajak_id, nama_rekanan, nilai_belanja_sp2d, nilai_belanja_spm, no_sp2d, no_spm, npwp, ntpn, skpd_id, tgl_sp2d, tgl_spm, updated_at, updated_by, uuid) 
    values
        (?, ?, ?, ?, ?, ?, ?, ?, ?, ?, ?, ?, ?, ?, ?, ?, ?, ?, ?, ?, ?)
Hibernate: 
    select
        u1_0.id,
        u1_0.created_at,
        u1_0.created_by,
        u1_0.deleted_at,
        u1_0.deleted_by,
        u1_0.nama,
        u1_0.password,
        u1_0.role,
        s1_0.id,
        s1_0.created_at,
        s1_0.created_by,
        s1_0.deleted_at,
        s1_0.deleted_by,
        s1_0.nama,
        s1_0.updated_at,
        s1_0.updated_by,
        s1_0.uuid,
        u1_0.updated_at,
        u1_0.updated_by,
        u1_0.username,
        u1_0.uuid 
    from
        users u1_0 
    left join
        skpd s1_0 
            on s1_0.id=u1_0.skpd_id 
            and (s1_0.deleted_at IS NULL) 
    where
        u1_0.id=? 
        and (
            u1_0.deleted_at IS NULL
        )
2026-01-02T11:09:19.648+07:00  INFO 58189 --- [Pajak DTHRTH Test] [           main] o.s.b.t.m.w.SpringBootMockServletContext : Initializing Spring TestDispatcherServlet ''
2026-01-02T11:09:19.649+07:00  INFO 58189 --- [Pajak DTHRTH Test] [           main] o.s.t.web.servlet.TestDispatcherServlet  : Initializing Servlet ''
2026-01-02T11:09:19.649+07:00  INFO 58189 --- [Pajak DTHRTH Test] [           main] o.s.t.web.servlet.TestDispatcherServlet  : Completed initialization in 0 ms
Hibernate: 
    select
        d1_0.id,
        d1_0.created_at,
        d1_0.created_by,
        d1_0.deleted_at,
        d1_0.deleted_by,
        d1_0.jumlah_pajak,
        d1_0.keterangan,
        d1_0.kode_billing,
        d1_0.kode_pajak_id,
        d1_0.nama_rekanan,
        d1_0.nilai_belanja_sp2d,
        d1_0.nilai_belanja_spm,
        d1_0.no_sp2d,
        d1_0.no_spm,
        d1_0.npwp,
        d1_0.ntpn,
        d1_0.skpd_id,
        d1_0.tgl_sp2d,
        d1_0.tgl_spm,
        d1_0.updated_at,
        d1_0.updated_by,
        d1_0.uuid 
    from
        dth d1_0 
    where
        (
            d1_0.deleted_at IS NULL
        )
Hibernate: 
    update
        dth 
    set
        deleted_at=?,
        deleted_by=?,
        jumlah_pajak=?,
        keterangan=?,
        kode_billing=?,
        kode_pajak_id=?,
        nama_rekanan=?,
        nilai_belanja_sp2d=?,
        nilai_belanja_spm=?,
        no_sp2d=?,
        no_spm=?,
        npwp=?,
        ntpn=?,
        skpd_id=?,
        tgl_sp2d=?,
        tgl_spm=?,
        updated_at=?,
        updated_by=? 
    where
        id=?
Hibernate: 
    select
        u1_0.id,
        u1_0.created_at,
        u1_0.created_by,
        u1_0.deleted_at,
        u1_0.deleted_by,
        u1_0.nama,
        u1_0.password,
        u1_0.role,
        u1_0.skpd_id,
        u1_0.updated_at,
        u1_0.updated_by,
        u1_0.username,
        u1_0.uuid 
    from
        users u1_0 
    where
        (
            u1_0.deleted_at IS NULL
        )
Hibernate: 
    update
        users 
    set
        deleted_at=?,
        deleted_by=?,
        nama=?,
        password=?,
        role=?,
        skpd_id=?,
        updated_at=?,
        updated_by=?,
        username=? 
    where
        id=?
Hibernate: 
    update
        users 
    set
        deleted_at=?,
        deleted_by=?,
        nama=?,
        password=?,
        role=?,
        skpd_id=?,
        updated_at=?,
        updated_by=?,
        username=? 
    where
        id=?
Hibernate: 
    select
        s1_0.id,
        s1_0.created_at,
        s1_0.created_by,
        s1_0.deleted_at,
        s1_0.deleted_by,
        s1_0.nama,
        s1_0.updated_at,
        s1_0.updated_by,
        s1_0.uuid 
    from
        skpd s1_0 
    where
        (
            s1_0.deleted_at IS NULL
        )
Hibernate: 
    update
        skpd 
    set
        deleted_at=?,
        deleted_by=?,
        nama=?,
        updated_at=?,
        updated_by=? 
    where
        id=?
Hibernate: 
    select
        kp1_0.id,
        kp1_0.created_at,
        kp1_0.created_by,
        kp1_0.deleted_at,
        kp1_0.deleted_by,
        kp1_0.nama,
        kp1_0.updated_at,
        kp1_0.updated_by,
        kp1_0.uuid 
    from
        kode_pajak kp1_0 
    where
        (
            kp1_0.deleted_at IS NULL
        )
Hibernate: 
    update
        kode_pajak 
    set
        deleted_at=?,
        deleted_by=?,
        nama=?,
        updated_at=?,
        updated_by=? 
    where
        id=?
Hibernate: 
    insert 
    into
        skpd
        (created_at, created_by, deleted_at, deleted_by, nama, updated_at, updated_by, uuid) 
    values
        (?, ?, ?, ?, ?, ?, ?, ?)
Hibernate: 
    insert 
    into
        kode_pajak
        (created_at, created_by, deleted_at, deleted_by, nama, updated_at, updated_by, uuid) 
    values
        (?, ?, ?, ?, ?, ?, ?, ?)
Hibernate: 
    insert 
    into
        users
        (created_at, created_by, deleted_at, deleted_by, nama, password, role, skpd_id, updated_at, updated_by, username, uuid) 
    values
        (?, ?, ?, ?, ?, ?, ?, ?, ?, ?, ?, ?)
Hibernate: 
    insert 
    into
        users
        (created_at, created_by, deleted_at, deleted_by, nama, password, role, skpd_id, updated_at, updated_by, username, uuid) 
    values
        (?, ?, ?, ?, ?, ?, ?, ?, ?, ?, ?, ?)
Hibernate: 
    select
        u1_0.id,
        u1_0.created_at,
        u1_0.created_by,
        u1_0.deleted_at,
        u1_0.deleted_by,
        u1_0.nama,
        u1_0.password,
        u1_0.role,
        s1_0.id,
        s1_0.created_at,
        s1_0.created_by,
        s1_0.deleted_at,
        s1_0.deleted_by,
        s1_0.nama,
        s1_0.updated_at,
        s1_0.updated_by,
        s1_0.uuid,
        u1_0.updated_at,
        u1_0.updated_by,
        u1_0.username,
        u1_0.uuid 
    from
        users u1_0 
    left join
        skpd s1_0 
            on s1_0.id=u1_0.skpd_id 
            and (s1_0.deleted_at IS NULL) 
    where
        u1_0.id=? 
        and (
            u1_0.deleted_at IS NULL
        )
DEBUG: CRITICAL FAILURE - Reloaded User SKPD is NULL
Hibernate: 
    insert 
    into
        dth
        (created_at, created_by, deleted_at, deleted_by, jumlah_pajak, keterangan, kode_billing, kode_pajak_id, nama_rekanan, nilai_belanja_sp2d, nilai_belanja_spm, no_sp2d, no_spm, npwp, ntpn, skpd_id, tgl_sp2d, tgl_spm, updated_at, updated_by, uuid) 
    values
        (?, ?, ?, ?, ?, ?, ?, ?, ?, ?, ?, ?, ?, ?, ?, ?, ?, ?, ?, ?, ?)
Hibernate: 
    select
        u1_0.id,
        u1_0.created_at,
        u1_0.created_by,
        u1_0.deleted_at,
        u1_0.deleted_by,
        u1_0.nama,
        u1_0.password,
        u1_0.role,
        s1_0.id,
        s1_0.created_at,
        s1_0.created_by,
        s1_0.deleted_at,
        s1_0.deleted_by,
        s1_0.nama,
        s1_0.updated_at,
        s1_0.updated_by,
        s1_0.uuid,
        u1_0.updated_at,
        u1_0.updated_by,
        u1_0.username,
        u1_0.uuid 
    from
        users u1_0 
    left join
        skpd s1_0 
            on s1_0.id=u1_0.skpd_id 
            and (s1_0.deleted_at IS NULL) 
    where
        u1_0.id=? 
        and (
            u1_0.deleted_at IS NULL
        )
Hibernate: 
    select
        d1_0.id,
        d1_0.created_at,
        d1_0.created_by,
        d1_0.deleted_at,
        d1_0.deleted_by,
        d1_0.jumlah_pajak,
        d1_0.keterangan,
        d1_0.kode_billing,
        d1_0.kode_pajak_id,
        d1_0.nama_rekanan,
        d1_0.nilai_belanja_sp2d,
        d1_0.nilai_belanja_spm,
        d1_0.no_sp2d,
        d1_0.no_spm,
        d1_0.npwp,
        d1_0.ntpn,
        d1_0.skpd_id,
        d1_0.tgl_sp2d,
        d1_0.tgl_spm,
        d1_0.updated_at,
        d1_0.updated_by,
        d1_0.uuid 
    from
        dth d1_0 
    where
        (
            d1_0.deleted_at IS NULL
        ) 
        and d1_0.skpd_id is null
2026-01-02T11:09:19.827+07:00  INFO 58189 --- [Pajak DTHRTH Test] [           main] o.s.b.t.m.w.SpringBootMockServletContext : Initializing Spring TestDispatcherServlet ''
2026-01-02T11:09:19.827+07:00  INFO 58189 --- [Pajak DTHRTH Test] [           main] o.s.t.web.servlet.TestDispatcherServlet  : Initializing Servlet ''
2026-01-02T11:09:19.827+07:00  INFO 58189 --- [Pajak DTHRTH Test] [           main] o.s.t.web.servlet.TestDispatcherServlet  : Completed initialization in 0 ms
Hibernate: 
    select
        d1_0.id,
        d1_0.created_at,
        d1_0.created_by,
        d1_0.deleted_at,
        d1_0.deleted_by,
        d1_0.jumlah_pajak,
        d1_0.keterangan,
        d1_0.kode_billing,
        d1_0.kode_pajak_id,
        d1_0.nama_rekanan,
        d1_0.nilai_belanja_sp2d,
        d1_0.nilai_belanja_spm,
        d1_0.no_sp2d,
        d1_0.no_spm,
        d1_0.npwp,
        d1_0.ntpn,
        d1_0.skpd_id,
        d1_0.tgl_sp2d,
        d1_0.tgl_spm,
        d1_0.updated_at,
        d1_0.updated_by,
        d1_0.uuid 
    from
        dth d1_0 
    where
        (
            d1_0.deleted_at IS NULL
        )
Hibernate: 
    update
        dth 
    set
        deleted_at=?,
        deleted_by=?,
        jumlah_pajak=?,
        keterangan=?,
        kode_billing=?,
        kode_pajak_id=?,
        nama_rekanan=?,
        nilai_belanja_sp2d=?,
        nilai_belanja_spm=?,
        no_sp2d=?,
        no_spm=?,
        npwp=?,
        ntpn=?,
        skpd_id=?,
        tgl_sp2d=?,
        tgl_spm=?,
        updated_at=?,
        updated_by=? 
    where
        id=?
Hibernate: 
    select
        u1_0.id,
        u1_0.created_at,
        u1_0.created_by,
        u1_0.deleted_at,
        u1_0.deleted_by,
        u1_0.nama,
        u1_0.password,
        u1_0.role,
        u1_0.skpd_id,
        u1_0.updated_at,
        u1_0.updated_by,
        u1_0.username,
        u1_0.uuid 
    from
        users u1_0 
    where
        (
            u1_0.deleted_at IS NULL
        )
Hibernate: 
    update
        users 
    set
        deleted_at=?,
        deleted_by=?,
        nama=?,
        password=?,
        role=?,
        skpd_id=?,
        updated_at=?,
        updated_by=?,
        username=? 
    where
        id=?
Hibernate: 
    update
        users 
    set
        deleted_at=?,
        deleted_by=?,
        nama=?,
        password=?,
        role=?,
        skpd_id=?,
        updated_at=?,
        updated_by=?,
        username=? 
    where
        id=?
Hibernate: 
    select
        s1_0.id,
        s1_0.created_at,
        s1_0.created_by,
        s1_0.deleted_at,
        s1_0.deleted_by,
        s1_0.nama,
        s1_0.updated_at,
        s1_0.updated_by,
        s1_0.uuid 
    from
        skpd s1_0 
    where
        (
            s1_0.deleted_at IS NULL
        )
Hibernate: 
    update
        skpd 
    set
        deleted_at=?,
        deleted_by=?,
        nama=?,
        updated_at=?,
        updated_by=? 
    where
        id=?
Hibernate: 
    select
        kp1_0.id,
        kp1_0.created_at,
        kp1_0.created_by,
        kp1_0.deleted_at,
        kp1_0.deleted_by,
        kp1_0.nama,
        kp1_0.updated_at,
        kp1_0.updated_by,
        kp1_0.uuid 
    from
        kode_pajak kp1_0 
    where
        (
            kp1_0.deleted_at IS NULL
        )
Hibernate: 
    update
        kode_pajak 
    set
        deleted_at=?,
        deleted_by=?,
        nama=?,
        updated_at=?,
        updated_by=? 
    where
        id=?
Hibernate: 
    insert 
    into
        skpd
        (created_at, created_by, deleted_at, deleted_by, nama, updated_at, updated_by, uuid) 
    values
        (?, ?, ?, ?, ?, ?, ?, ?)
Hibernate: 
    insert 
    into
        kode_pajak
        (created_at, created_by, deleted_at, deleted_by, nama, updated_at, updated_by, uuid) 
    values
        (?, ?, ?, ?, ?, ?, ?, ?)
Hibernate: 
    insert 
    into
        users
        (created_at, created_by, deleted_at, deleted_by, nama, password, role, skpd_id, updated_at, updated_by, username, uuid) 
    values
        (?, ?, ?, ?, ?, ?, ?, ?, ?, ?, ?, ?)
Hibernate: 
    insert 
    into
        users
        (created_at, created_by, deleted_at, deleted_by, nama, password, role, skpd_id, updated_at, updated_by, username, uuid) 
    values
        (?, ?, ?, ?, ?, ?, ?, ?, ?, ?, ?, ?)
Hibernate: 
    select
        u1_0.id,
        u1_0.created_at,
        u1_0.created_by,
        u1_0.deleted_at,
        u1_0.deleted_by,
        u1_0.nama,
        u1_0.password,
        u1_0.role,
        s1_0.id,
        s1_0.created_at,
        s1_0.created_by,
        s1_0.deleted_at,
        s1_0.deleted_by,
        s1_0.nama,
        s1_0.updated_at,
        s1_0.updated_by,
        s1_0.uuid,
        u1_0.updated_at,
        u1_0.updated_by,
        u1_0.username,
        u1_0.uuid 
    from
        users u1_0 
    left join
        skpd s1_0 
            on s1_0.id=u1_0.skpd_id 
            and (s1_0.deleted_at IS NULL) 
    where
        u1_0.id=? 
        and (
            u1_0.deleted_at IS NULL
        )
DEBUG: CRITICAL FAILURE - Reloaded User SKPD is NULL
Hibernate: 
    insert 
    into
        dth
        (created_at, created_by, deleted_at, deleted_by, jumlah_pajak, keterangan, kode_billing, kode_pajak_id, nama_rekanan, nilai_belanja_sp2d, nilai_belanja_spm, no_sp2d, no_spm, npwp, ntpn, skpd_id, tgl_sp2d, tgl_spm, updated_at, updated_by, uuid) 
    values
        (?, ?, ?, ?, ?, ?, ?, ?, ?, ?, ?, ?, ?, ?, ?, ?, ?, ?, ?, ?, ?)
Hibernate: 
    select
        u1_0.id,
        u1_0.created_at,
        u1_0.created_by,
        u1_0.deleted_at,
        u1_0.deleted_by,
        u1_0.nama,
        u1_0.password,
        u1_0.role,
        s1_0.id,
        s1_0.created_at,
        s1_0.created_by,
        s1_0.deleted_at,
        s1_0.deleted_by,
        s1_0.nama,
        s1_0.updated_at,
        s1_0.updated_by,
        s1_0.uuid,
        u1_0.updated_at,
        u1_0.updated_by,
        u1_0.username,
        u1_0.uuid 
    from
        users u1_0 
    left join
        skpd s1_0 
            on s1_0.id=u1_0.skpd_id 
            and (s1_0.deleted_at IS NULL) 
    where
        u1_0.id=? 
        and (
            u1_0.deleted_at IS NULL
        )
Hibernate: 
    select
        u1_0.id,
        u1_0.created_at,
        u1_0.created_by,
        u1_0.deleted_at,
        u1_0.deleted_by,
        u1_0.nama,
        u1_0.password,
        u1_0.role,
        s1_0.id,
        s1_0.created_at,
        s1_0.created_by,
        s1_0.deleted_at,
        s1_0.deleted_by,
        s1_0.nama,
        s1_0.updated_at,
        s1_0.updated_by,
        s1_0.uuid,
        u1_0.updated_at,
        u1_0.updated_by,
        u1_0.username,
        u1_0.uuid 
    from
        users u1_0 
    left join
        skpd s1_0 
            on s1_0.id=u1_0.skpd_id 
            and (s1_0.deleted_at IS NULL) 
    where
        u1_0.id=? 
        and (
            u1_0.deleted_at IS NULL
        )
2026-01-02T11:09:19.999+07:00  INFO 58189 --- [Pajak DTHRTH Test] [           main] o.s.b.t.m.w.SpringBootMockServletContext : Initializing Spring TestDispatcherServlet ''
2026-01-02T11:09:19.999+07:00  INFO 58189 --- [Pajak DTHRTH Test] [           main] o.s.t.web.servlet.TestDispatcherServlet  : Initializing Servlet ''
2026-01-02T11:09:20.000+07:00  INFO 58189 --- [Pajak DTHRTH Test] [           main] o.s.t.web.servlet.TestDispatcherServlet  : Completed initialization in 1 ms
Hibernate: 
    select
        d1_0.id,
        d1_0.created_at,
        d1_0.created_by,
        d1_0.deleted_at,
        d1_0.deleted_by,
        d1_0.jumlah_pajak,
        d1_0.keterangan,
        d1_0.kode_billing,
        d1_0.kode_pajak_id,
        d1_0.nama_rekanan,
        d1_0.nilai_belanja_sp2d,
        d1_0.nilai_belanja_spm,
        d1_0.no_sp2d,
        d1_0.no_spm,
        d1_0.npwp,
        d1_0.ntpn,
        d1_0.skpd_id,
        d1_0.tgl_sp2d,
        d1_0.tgl_spm,
        d1_0.updated_at,
        d1_0.updated_by,
        d1_0.uuid 
    from
        dth d1_0 
    where
        (
            d1_0.deleted_at IS NULL
        )
Hibernate: 
    update
        dth 
    set
        deleted_at=?,
        deleted_by=?,
        jumlah_pajak=?,
        keterangan=?,
        kode_billing=?,
        kode_pajak_id=?,
        nama_rekanan=?,
        nilai_belanja_sp2d=?,
        nilai_belanja_spm=?,
        no_sp2d=?,
        no_spm=?,
        npwp=?,
        ntpn=?,
        skpd_id=?,
        tgl_sp2d=?,
        tgl_spm=?,
        updated_at=?,
        updated_by=? 
    where
        id=?
Hibernate: 
    select
        u1_0.id,
        u1_0.created_at,
        u1_0.created_by,
        u1_0.deleted_at,
        u1_0.deleted_by,
        u1_0.nama,
        u1_0.password,
        u1_0.role,
        u1_0.skpd_id,
        u1_0.updated_at,
        u1_0.updated_by,
        u1_0.username,
        u1_0.uuid 
    from
        users u1_0 
    where
        (
            u1_0.deleted_at IS NULL
        )
Hibernate: 
    update
        users 
    set
        deleted_at=?,
        deleted_by=?,
        nama=?,
        password=?,
        role=?,
        skpd_id=?,
        updated_at=?,
        updated_by=?,
        username=? 
    where
        id=?
Hibernate: 
    update
        users 
    set
        deleted_at=?,
        deleted_by=?,
        nama=?,
        password=?,
        role=?,
        skpd_id=?,
        updated_at=?,
        updated_by=?,
        username=? 
    where
        id=?
Hibernate: 
    select
        s1_0.id,
        s1_0.created_at,
        s1_0.created_by,
        s1_0.deleted_at,
        s1_0.deleted_by,
        s1_0.nama,
        s1_0.updated_at,
        s1_0.updated_by,
        s1_0.uuid 
    from
        skpd s1_0 
    where
        (
            s1_0.deleted_at IS NULL
        )
Hibernate: 
    update
        skpd 
    set
        deleted_at=?,
        deleted_by=?,
        nama=?,
        updated_at=?,
        updated_by=? 
    where
        id=?
Hibernate: 
    select
        kp1_0.id,
        kp1_0.created_at,
        kp1_0.created_by,
        kp1_0.deleted_at,
        kp1_0.deleted_by,
        kp1_0.nama,
        kp1_0.updated_at,
        kp1_0.updated_by,
        kp1_0.uuid 
    from
        kode_pajak kp1_0 
    where
        (
            kp1_0.deleted_at IS NULL
        )
Hibernate: 
    update
        kode_pajak 
    set
        deleted_at=?,
        deleted_by=?,
        nama=?,
        updated_at=?,
        updated_by=? 
    where
        id=?
Hibernate: 
    insert 
    into
        skpd
        (created_at, created_by, deleted_at, deleted_by, nama, updated_at, updated_by, uuid) 
    values
        (?, ?, ?, ?, ?, ?, ?, ?)
Hibernate: 
    insert 
    into
        kode_pajak
        (created_at, created_by, deleted_at, deleted_by, nama, updated_at, updated_by, uuid) 
    values
        (?, ?, ?, ?, ?, ?, ?, ?)
Hibernate: 
    insert 
    into
        users
        (created_at, created_by, deleted_at, deleted_by, nama, password, role, skpd_id, updated_at, updated_by, username, uuid) 
    values
        (?, ?, ?, ?, ?, ?, ?, ?, ?, ?, ?, ?)
Hibernate: 
    insert 
    into
        users
        (created_at, created_by, deleted_at, deleted_by, nama, password, role, skpd_id, updated_at, updated_by, username, uuid) 
    values
        (?, ?, ?, ?, ?, ?, ?, ?, ?, ?, ?, ?)
Hibernate: 
    select
        u1_0.id,
        u1_0.created_at,
        u1_0.created_by,
        u1_0.deleted_at,
        u1_0.deleted_by,
        u1_0.nama,
        u1_0.password,
        u1_0.role,
        s1_0.id,
        s1_0.created_at,
        s1_0.created_by,
        s1_0.deleted_at,
        s1_0.deleted_by,
        s1_0.nama,
        s1_0.updated_at,
        s1_0.updated_by,
        s1_0.uuid,
        u1_0.updated_at,
        u1_0.updated_by,
        u1_0.username,
        u1_0.uuid 
    from
        users u1_0 
    left join
        skpd s1_0 
            on s1_0.id=u1_0.skpd_id 
            and (s1_0.deleted_at IS NULL) 
    where
        u1_0.id=? 
        and (
            u1_0.deleted_at IS NULL
        )
DEBUG: CRITICAL FAILURE - Reloaded User SKPD is NULL
Hibernate: 
    insert 
    into
        dth
        (created_at, created_by, deleted_at, deleted_by, jumlah_pajak, keterangan, kode_billing, kode_pajak_id, nama_rekanan, nilai_belanja_sp2d, nilai_belanja_spm, no_sp2d, no_spm, npwp, ntpn, skpd_id, tgl_sp2d, tgl_spm, updated_at, updated_by, uuid) 
    values
        (?, ?, ?, ?, ?, ?, ?, ?, ?, ?, ?, ?, ?, ?, ?, ?, ?, ?, ?, ?, ?)
Hibernate: 
    insert 
    into
        skpd
        (created_at, created_by, deleted_at, deleted_by, nama, updated_at, updated_by, uuid) 
    values
        (?, ?, ?, ?, ?, ?, ?, ?)
Hibernate: 
    insert 
    into
        dth
        (created_at, created_by, deleted_at, deleted_by, jumlah_pajak, keterangan, kode_billing, kode_pajak_id, nama_rekanan, nilai_belanja_sp2d, nilai_belanja_spm, no_sp2d, no_spm, npwp, ntpn, skpd_id, tgl_sp2d, tgl_spm, updated_at, updated_by, uuid) 
    values
        (?, ?, ?, ?, ?, ?, ?, ?, ?, ?, ?, ?, ?, ?, ?, ?, ?, ?, ?, ?, ?)
Hibernate: 
    select
        u1_0.id,
        u1_0.created_at,
        u1_0.created_by,
        u1_0.deleted_at,
        u1_0.deleted_by,
        u1_0.nama,
        u1_0.password,
        u1_0.role,
        s1_0.id,
        s1_0.created_at,
        s1_0.created_by,
        s1_0.deleted_at,
        s1_0.deleted_by,
        s1_0.nama,
        s1_0.updated_at,
        s1_0.updated_by,
        s1_0.uuid,
        u1_0.updated_at,
        u1_0.updated_by,
        u1_0.username,
        u1_0.uuid 
    from
        users u1_0 
    left join
        skpd s1_0 
            on s1_0.id=u1_0.skpd_id 
            and (s1_0.deleted_at IS NULL) 
    where
        u1_0.id=? 
        and (
            u1_0.deleted_at IS NULL
        )
Hibernate: 
    select
        d1_0.id,
        d1_0.created_at,
        d1_0.created_by,
        d1_0.deleted_at,
        d1_0.deleted_by,
        d1_0.jumlah_pajak,
        d1_0.keterangan,
        d1_0.kode_billing,
        d1_0.kode_pajak_id,
        d1_0.nama_rekanan,
        d1_0.nilai_belanja_sp2d,
        d1_0.nilai_belanja_spm,
        d1_0.no_sp2d,
        d1_0.no_spm,
        d1_0.npwp,
        d1_0.ntpn,
        d1_0.skpd_id,
        d1_0.tgl_sp2d,
        d1_0.tgl_spm,
        d1_0.updated_at,
        d1_0.updated_by,
        d1_0.uuid 
    from
        dth d1_0 
    where
        (
            d1_0.deleted_at IS NULL
        ) 
        and d1_0.skpd_id is null
2026-01-02T11:09:20.173+07:00  INFO 58189 --- [Pajak DTHRTH Test] [           main] o.s.b.t.m.w.SpringBootMockServletContext : Initializing Spring TestDispatcherServlet ''
2026-01-02T11:09:20.173+07:00  INFO 58189 --- [Pajak DTHRTH Test] [           main] o.s.t.web.servlet.TestDispatcherServlet  : Initializing Servlet ''
2026-01-02T11:09:20.174+07:00  INFO 58189 --- [Pajak DTHRTH Test] [           main] o.s.t.web.servlet.TestDispatcherServlet  : Completed initialization in 1 ms
Hibernate: 
    select
        d1_0.id,
        d1_0.created_at,
        d1_0.created_by,
        d1_0.deleted_at,
        d1_0.deleted_by,
        d1_0.jumlah_pajak,
        d1_0.keterangan,
        d1_0.kode_billing,
        d1_0.kode_pajak_id,
        d1_0.nama_rekanan,
        d1_0.nilai_belanja_sp2d,
        d1_0.nilai_belanja_spm,
        d1_0.no_sp2d,
        d1_0.no_spm,
        d1_0.npwp,
        d1_0.ntpn,
        d1_0.skpd_id,
        d1_0.tgl_sp2d,
        d1_0.tgl_spm,
        d1_0.updated_at,
        d1_0.updated_by,
        d1_0.uuid 
    from
        dth d1_0 
    where
        (
            d1_0.deleted_at IS NULL
        )
Hibernate: 
    update
        dth 
    set
        deleted_at=?,
        deleted_by=?,
        jumlah_pajak=?,
        keterangan=?,
        kode_billing=?,
        kode_pajak_id=?,
        nama_rekanan=?,
        nilai_belanja_sp2d=?,
        nilai_belanja_spm=?,
        no_sp2d=?,
        no_spm=?,
        npwp=?,
        ntpn=?,
        skpd_id=?,
        tgl_sp2d=?,
        tgl_spm=?,
        updated_at=?,
        updated_by=? 
    where
        id=?
Hibernate: 
    update
        dth 
    set
        deleted_at=?,
        deleted_by=?,
        jumlah_pajak=?,
        keterangan=?,
        kode_billing=?,
        kode_pajak_id=?,
        nama_rekanan=?,
        nilai_belanja_sp2d=?,
        nilai_belanja_spm=?,
        no_sp2d=?,
        no_spm=?,
        npwp=?,
        ntpn=?,
        skpd_id=?,
        tgl_sp2d=?,
        tgl_spm=?,
        updated_at=?,
        updated_by=? 
    where
        id=?
Hibernate: 
    select
        u1_0.id,
        u1_0.created_at,
        u1_0.created_by,
        u1_0.deleted_at,
        u1_0.deleted_by,
        u1_0.nama,
        u1_0.password,
        u1_0.role,
        u1_0.skpd_id,
        u1_0.updated_at,
        u1_0.updated_by,
        u1_0.username,
        u1_0.uuid 
    from
        users u1_0 
    where
        (
            u1_0.deleted_at IS NULL
        )
Hibernate: 
    update
        users 
    set
        deleted_at=?,
        deleted_by=?,
        nama=?,
        password=?,
        role=?,
        skpd_id=?,
        updated_at=?,
        updated_by=?,
        username=? 
    where
        id=?
Hibernate: 
    update
        users 
    set
        deleted_at=?,
        deleted_by=?,
        nama=?,
        password=?,
        role=?,
        skpd_id=?,
        updated_at=?,
        updated_by=?,
        username=? 
    where
        id=?
Hibernate: 
    select
        s1_0.id,
        s1_0.created_at,
        s1_0.created_by,
        s1_0.deleted_at,
        s1_0.deleted_by,
        s1_0.nama,
        s1_0.updated_at,
        s1_0.updated_by,
        s1_0.uuid 
    from
        skpd s1_0 
    where
        (
            s1_0.deleted_at IS NULL
        )
Hibernate: 
    update
        skpd 
    set
        deleted_at=?,
        deleted_by=?,
        nama=?,
        updated_at=?,
        updated_by=? 
    where
        id=?
Hibernate: 
    update
        skpd 
    set
        deleted_at=?,
        deleted_by=?,
        nama=?,
        updated_at=?,
        updated_by=? 
    where
        id=?
Hibernate: 
    select
        kp1_0.id,
        kp1_0.created_at,
        kp1_0.created_by,
        kp1_0.deleted_at,
        kp1_0.deleted_by,
        kp1_0.nama,
        kp1_0.updated_at,
        kp1_0.updated_by,
        kp1_0.uuid 
    from
        kode_pajak kp1_0 
    where
        (
            kp1_0.deleted_at IS NULL
        )
Hibernate: 
    update
        kode_pajak 
    set
        deleted_at=?,
        deleted_by=?,
        nama=?,
        updated_at=?,
        updated_by=? 
    where
        id=?
Hibernate: 
    insert 
    into
        skpd
        (created_at, created_by, deleted_at, deleted_by, nama, updated_at, updated_by, uuid) 
    values
        (?, ?, ?, ?, ?, ?, ?, ?)
Hibernate: 
    insert 
    into
        kode_pajak
        (created_at, created_by, deleted_at, deleted_by, nama, updated_at, updated_by, uuid) 
    values
        (?, ?, ?, ?, ?, ?, ?, ?)
Hibernate: 
    insert 
    into
        users
        (created_at, created_by, deleted_at, deleted_by, nama, password, role, skpd_id, updated_at, updated_by, username, uuid) 
    values
        (?, ?, ?, ?, ?, ?, ?, ?, ?, ?, ?, ?)
Hibernate: 
    insert 
    into
        users
        (created_at, created_by, deleted_at, deleted_by, nama, password, role, skpd_id, updated_at, updated_by, username, uuid) 
    values
        (?, ?, ?, ?, ?, ?, ?, ?, ?, ?, ?, ?)
Hibernate: 
    select
        u1_0.id,
        u1_0.created_at,
        u1_0.created_by,
        u1_0.deleted_at,
        u1_0.deleted_by,
        u1_0.nama,
        u1_0.password,
        u1_0.role,
        s1_0.id,
        s1_0.created_at,
        s1_0.created_by,
        s1_0.deleted_at,
        s1_0.deleted_by,
        s1_0.nama,
        s1_0.updated_at,
        s1_0.updated_by,
        s1_0.uuid,
        u1_0.updated_at,
        u1_0.updated_by,
        u1_0.username,
        u1_0.uuid 
    from
        users u1_0 
    left join
        skpd s1_0 
            on s1_0.id=u1_0.skpd_id 
            and (s1_0.deleted_at IS NULL) 
    where
        u1_0.id=? 
        and (
            u1_0.deleted_at IS NULL
        )
DEBUG: CRITICAL FAILURE - Reloaded User SKPD is NULL
Hibernate: 
    insert 
    into
        dth
        (created_at, created_by, deleted_at, deleted_by, jumlah_pajak, keterangan, kode_billing, kode_pajak_id, nama_rekanan, nilai_belanja_sp2d, nilai_belanja_spm, no_sp2d, no_spm, npwp, ntpn, skpd_id, tgl_sp2d, tgl_spm, updated_at, updated_by, uuid) 
    values
        (?, ?, ?, ?, ?, ?, ?, ?, ?, ?, ?, ?, ?, ?, ?, ?, ?, ?, ?, ?, ?)
Hibernate: 
    select
        u1_0.id,
        u1_0.created_at,
        u1_0.created_by,
        u1_0.deleted_at,
        u1_0.deleted_by,
        u1_0.nama,
        u1_0.password,
        u1_0.role,
        s1_0.id,
        s1_0.created_at,
        s1_0.created_by,
        s1_0.deleted_at,
        s1_0.deleted_by,
        s1_0.nama,
        s1_0.updated_at,
        s1_0.updated_by,
        s1_0.uuid,
        u1_0.updated_at,
        u1_0.updated_by,
        u1_0.username,
        u1_0.uuid 
    from
        users u1_0 
    left join
        skpd s1_0 
            on s1_0.id=u1_0.skpd_id 
            and (s1_0.deleted_at IS NULL) 
    where
        u1_0.id=? 
        and (
            u1_0.deleted_at IS NULL
        )
2026-01-02T11:09:20.340+07:00  INFO 58189 --- [Pajak DTHRTH Test] [           main] o.s.b.t.m.w.SpringBootMockServletContext : Initializing Spring TestDispatcherServlet ''
2026-01-02T11:09:20.340+07:00  INFO 58189 --- [Pajak DTHRTH Test] [           main] o.s.t.web.servlet.TestDispatcherServlet  : Initializing Servlet ''
2026-01-02T11:09:20.340+07:00  INFO 58189 --- [Pajak DTHRTH Test] [           main] o.s.t.web.servlet.TestDispatcherServlet  : Completed initialization in 0 ms
Hibernate: 
    select
        d1_0.id,
        d1_0.created_at,
        d1_0.created_by,
        d1_0.deleted_at,
        d1_0.deleted_by,
        d1_0.jumlah_pajak,
        d1_0.keterangan,
        d1_0.kode_billing,
        d1_0.kode_pajak_id,
        d1_0.nama_rekanan,
        d1_0.nilai_belanja_sp2d,
        d1_0.nilai_belanja_spm,
        d1_0.no_sp2d,
        d1_0.no_spm,
        d1_0.npwp,
        d1_0.ntpn,
        d1_0.skpd_id,
        d1_0.tgl_sp2d,
        d1_0.tgl_spm,
        d1_0.updated_at,
        d1_0.updated_by,
        d1_0.uuid 
    from
        dth d1_0 
    where
        (
            d1_0.deleted_at IS NULL
        )
Hibernate: 
    update
        dth 
    set
        deleted_at=?,
        deleted_by=?,
        jumlah_pajak=?,
        keterangan=?,
        kode_billing=?,
        kode_pajak_id=?,
        nama_rekanan=?,
        nilai_belanja_sp2d=?,
        nilai_belanja_spm=?,
        no_sp2d=?,
        no_spm=?,
        npwp=?,
        ntpn=?,
        skpd_id=?,
        tgl_sp2d=?,
        tgl_spm=?,
        updated_at=?,
        updated_by=? 
    where
        id=?
Hibernate: 
    select
        u1_0.id,
        u1_0.created_at,
        u1_0.created_by,
        u1_0.deleted_at,
        u1_0.deleted_by,
        u1_0.nama,
        u1_0.password,
        u1_0.role,
        u1_0.skpd_id,
        u1_0.updated_at,
        u1_0.updated_by,
        u1_0.username,
        u1_0.uuid 
    from
        users u1_0 
    where
        (
            u1_0.deleted_at IS NULL
        )
Hibernate: 
    update
        users 
    set
        deleted_at=?,
        deleted_by=?,
        nama=?,
        password=?,
        role=?,
        skpd_id=?,
        updated_at=?,
        updated_by=?,
        username=? 
    where
        id=?
Hibernate: 
    update
        users 
    set
        deleted_at=?,
        deleted_by=?,
        nama=?,
        password=?,
        role=?,
        skpd_id=?,
        updated_at=?,
        updated_by=?,
        username=? 
    where
        id=?
Hibernate: 
    select
        s1_0.id,
        s1_0.created_at,
        s1_0.created_by,
        s1_0.deleted_at,
        s1_0.deleted_by,
        s1_0.nama,
        s1_0.updated_at,
        s1_0.updated_by,
        s1_0.uuid 
    from
        skpd s1_0 
    where
        (
            s1_0.deleted_at IS NULL
        )
Hibernate: 
    update
        skpd 
    set
        deleted_at=?,
        deleted_by=?,
        nama=?,
        updated_at=?,
        updated_by=? 
    where
        id=?
Hibernate: 
    select
        kp1_0.id,
        kp1_0.created_at,
        kp1_0.created_by,
        kp1_0.deleted_at,
        kp1_0.deleted_by,
        kp1_0.nama,
        kp1_0.updated_at,
        kp1_0.updated_by,
        kp1_0.uuid 
    from
        kode_pajak kp1_0 
    where
        (
            kp1_0.deleted_at IS NULL
        )
Hibernate: 
    update
        kode_pajak 
    set
        deleted_at=?,
        deleted_by=?,
        nama=?,
        updated_at=?,
        updated_by=? 
    where
        id=?
Hibernate: 
    insert 
    into
        skpd
        (created_at, created_by, deleted_at, deleted_by, nama, updated_at, updated_by, uuid) 
    values
        (?, ?, ?, ?, ?, ?, ?, ?)
Hibernate: 
    insert 
    into
        kode_pajak
        (created_at, created_by, deleted_at, deleted_by, nama, updated_at, updated_by, uuid) 
    values
        (?, ?, ?, ?, ?, ?, ?, ?)
Hibernate: 
    insert 
    into
        users
        (created_at, created_by, deleted_at, deleted_by, nama, password, role, skpd_id, updated_at, updated_by, username, uuid) 
    values
        (?, ?, ?, ?, ?, ?, ?, ?, ?, ?, ?, ?)
Hibernate: 
    insert 
    into
        users
        (created_at, created_by, deleted_at, deleted_by, nama, password, role, skpd_id, updated_at, updated_by, username, uuid) 
    values
        (?, ?, ?, ?, ?, ?, ?, ?, ?, ?, ?, ?)
Hibernate: 
    select
        u1_0.id,
        u1_0.created_at,
        u1_0.created_by,
        u1_0.deleted_at,
        u1_0.deleted_by,
        u1_0.nama,
        u1_0.password,
        u1_0.role,
        s1_0.id,
        s1_0.created_at,
        s1_0.created_by,
        s1_0.deleted_at,
        s1_0.deleted_by,
        s1_0.nama,
        s1_0.updated_at,
        s1_0.updated_by,
        s1_0.uuid,
        u1_0.updated_at,
        u1_0.updated_by,
        u1_0.username,
        u1_0.uuid 
    from
        users u1_0 
    left join
        skpd s1_0 
            on s1_0.id=u1_0.skpd_id 
            and (s1_0.deleted_at IS NULL) 
    where
        u1_0.id=? 
        and (
            u1_0.deleted_at IS NULL
        )
DEBUG: CRITICAL FAILURE - Reloaded User SKPD is NULL
Hibernate: 
    insert 
    into
        dth
        (created_at, created_by, deleted_at, deleted_by, jumlah_pajak, keterangan, kode_billing, kode_pajak_id, nama_rekanan, nilai_belanja_sp2d, nilai_belanja_spm, no_sp2d, no_spm, npwp, ntpn, skpd_id, tgl_sp2d, tgl_spm, updated_at, updated_by, uuid) 
    values
        (?, ?, ?, ?, ?, ?, ?, ?, ?, ?, ?, ?, ?, ?, ?, ?, ?, ?, ?, ?, ?)
Token valid for user ID: 205
Hibernate: 
    select
        u1_0.id,
        u1_0.created_at,
        u1_0.created_by,
        u1_0.deleted_at,
        u1_0.deleted_by,
        u1_0.nama,
        u1_0.password,
        u1_0.role,
        s1_0.id,
        s1_0.created_at,
        s1_0.created_by,
        s1_0.deleted_at,
        s1_0.deleted_by,
        s1_0.nama,
        s1_0.updated_at,
        s1_0.updated_by,
        s1_0.uuid,
        u1_0.updated_at,
        u1_0.updated_by,
        u1_0.username,
        u1_0.uuid 
    from
        users u1_0 
    left join
        skpd s1_0 
            on s1_0.id=u1_0.skpd_id 
            and (s1_0.deleted_at IS NULL) 
    where
        u1_0.id=? 
        and (
            u1_0.deleted_at IS NULL
        )
[ERROR] Tests run: 8, Failures: 3, Errors: 0, Skipped: 0, Time elapsed: 5.765 s <<< FAILURE! -- in id.my.agungdh.pajakdthrth.integration.DthIntegrationTest
[ERROR] id.my.agungdh.pajakdthrth.integration.DthIntegrationTest.findAll_AsUser_Success -- Time elapsed: 0.176 s <<< FAILURE!
java.lang.AssertionError: 
JSON path "$.size()"
Expected: a value equal to or greater than <1>
     but: <0> was less than <1>
	at org.hamcrest.MatcherAssert.assertThat(MatcherAssert.java:20)
	at org.springframework.test.util.JsonPathExpectationsHelper.assertValue(JsonPathExpectationsHelper.java:107)
	at org.springframework.test.web.servlet.result.JsonPathResultMatchers.lambda$value$0(JsonPathResultMatchers.java:87)
	at org.springframework.test.web.servlet.MockMvc$1.andExpect(MockMvc.java:212)
	at id.my.agungdh.pajakdthrth.integration.DthIntegrationTest.findAll_AsUser_Success(DthIntegrationTest.java:219)

[ERROR] id.my.agungdh.pajakdthrth.integration.DthIntegrationTest.findAll_AsUser_FiltersBySkpd -- Time elapsed: 0.172 s <<< FAILURE!
java.lang.AssertionError: 
JSON path "$.[*].uuid"
Expected: a collection containing "b0329b73-8939-4168-bff7-a3e547735c7f"
     but: was empty
	at org.hamcrest.MatcherAssert.assertThat(MatcherAssert.java:20)
	at org.springframework.test.util.JsonPathExpectationsHelper.assertValue(JsonPathExpectationsHelper.java:107)
	at org.springframework.test.web.servlet.result.JsonPathResultMatchers.lambda$value$0(JsonPathResultMatchers.java:87)
	at org.springframework.test.web.servlet.MockMvc$1.andExpect(MockMvc.java:212)
	at id.my.agungdh.pajakdthrth.integration.DthIntegrationTest.findAll_AsUser_FiltersBySkpd(DthIntegrationTest.java:192)

[ERROR] id.my.agungdh.pajakdthrth.integration.DthIntegrationTest.create_AsUser_Success -- Time elapsed: 0.170 s <<< FAILURE!
java.lang.AssertionError: Status expected:<201> but was:<403>
	at org.springframework.test.util.AssertionErrors.fail(AssertionErrors.java:62)
	at org.springframework.test.util.AssertionErrors.assertEquals(AssertionErrors.java:129)
	at org.springframework.test.web.servlet.result.StatusResultMatchers.lambda$matcher$0(StatusResultMatchers.java:600)
	at org.springframework.test.web.servlet.MockMvc$1.andExpect(MockMvc.java:212)
	at id.my.agungdh.pajakdthrth.integration.DthIntegrationTest.create_AsUser_Success(DthIntegrationTest.java:161)

[INFO] 
[INFO] Results:
[INFO] 
[ERROR] Failures: 
[ERROR]   DthIntegrationTest.create_AsUser_Success:161 Status expected:<201> but was:<403>
[ERROR]   DthIntegrationTest.findAll_AsUser_FiltersBySkpd:192 JSON path "$.[*].uuid"
Expected: a collection containing "b0329b73-8939-4168-bff7-a3e547735c7f"
     but: was empty
[ERROR]   DthIntegrationTest.findAll_AsUser_Success:219 JSON path "$.size()"
Expected: a value equal to or greater than <1>
     but: <0> was less than <1>
[INFO] 
[ERROR] Tests run: 8, Failures: 3, Errors: 0, Skipped: 0
[INFO] 
[INFO] ------------------------------------------------------------------------
[INFO] BUILD FAILURE
[INFO] ------------------------------------------------------------------------
[INFO] Total time:  9.037 s
[INFO] Finished at: 2026-01-02T11:09:20+07:00
[INFO] ------------------------------------------------------------------------
[ERROR] Failed to execute goal org.apache.maven.plugins:maven-surefire-plugin:3.5.4:test (default-test) on project pajakdthrth: There are test failures.
[ERROR] 
[ERROR] See /home/agungdh/IdeaProjects/Pajak DTHRTH/target/surefire-reports for the individual test results.
[ERROR] See dump files (if any exist) [date].dump, [date]-jvmRun[N].dump and [date].dumpstream.
[ERROR] -> [Help 1]
[ERROR] 
[ERROR] To see the full stack trace of the errors, re-run Maven with the -e switch.
[ERROR] Re-run Maven using the -X switch to enable full debug logging.
[ERROR] 
[ERROR] For more information about the errors and possible solutions, please read the following articles:
[ERROR] [Help 1] http://cwiki.apache.org/confluence/display/MAVEN/MojoFailureException
